21:23:28 **** Build of configuration Debug for project ZYNQ_File_Operation ****
make pre-build main-build 
a9-linaro-pre-build-step
 
Building file: ../src/DDR_SD.c
Invoking: ARM v7 gcc compiler
arm-none-eabi-gcc -Wall -O0 -g3 -c -fmessage-length=0 -MT"src/DDR_SD.o" -mcpu=cortex-a9 -mfpu=vfpv3 -mfloat-abi=hard -I../../ZYNQ_File_Operation_bsp/ps7_cortexa9_0/include -MMD -MP -MF"src/DDR_SD.d" -MT"src/DDR_SD.o" -o "src/DDR_SD.o" "../src/DDR_SD.c"
../src/DDR_SD.c: In function 'FfsSdPolledExample':
../src/DDR_SD.c:40:36: warning: passing argument 1 of 'Xil_In8' makes integer from pointer without a cast [-Wint-conversion]
   SourceAddress[BuffCnt] = Xil_In8(SendBuffer+BuffCnt);
                                    ^~~~~~~~~~
In file included from ../../ZYNQ_File_Operation_bsp/ps7_cortexa9_0/include/xsdps_hw.h:79:0,
                 from ../../ZYNQ_File_Operation_bsp/ps7_cortexa9_0/include/xsdps.h:168,
                 from ../src/DDR_SD.h:11,
                 from ../src/DDR_SD.c:9:
../../ZYNQ_File_Operation_bsp/ps7_cortexa9_0/include/xil_io.h:117:18: note: expected 'UINTPTR {aka unsigned int}' but argument is of type 'u8 * {aka unsigned char *}'
 static INLINE u8 Xil_In8(UINTPTR Addr)
                  ^~~~~~~
../src/DDR_SD.c:18:7: warning: unused variable 'NumBytesRead' [-Wunused-variable]
  UINT NumBytesRead;
       ^~~~~~~~~~~~
Finished building: ../src/DDR_SD.c
 
Building file: ../src/SD_read.c
Invoking: ARM v7 gcc compiler
arm-none-eabi-gcc -Wall -O0 -g3 -c -fmessage-length=0 -MT"src/SD_read.o" -mcpu=cortex-a9 -mfpu=vfpv3 -mfloat-abi=hard -I../../ZYNQ_File_Operation_bsp/ps7_cortexa9_0/include -MMD -MP -MF"src/SD_read.d" -MT"src/SD_read.o" -o "src/SD_read.o" "../src/SD_read.c"
../src/SD_read.c: In function 'sd_write':
../src/SD_read.c:30:35: warning: passing argument 1 of 'Xil_In32' makes integer from pointer without a cast [-Wint-conversion]
   SourceAddressTest[i] = Xil_In32(SendBufferTest+i);
                                   ^~~~~~~~~~~~~~
In file included from ../../ZYNQ_File_Operation_bsp/ps7_cortexa9_0/include/xsdps_hw.h:79:0,
                 from ../../ZYNQ_File_Operation_bsp/ps7_cortexa9_0/include/xsdps.h:168,
                 from ../src/DDR_SD.h:11,
                 from ../src/SD_read.c:8:
../../ZYNQ_File_Operation_bsp/ps7_cortexa9_0/include/xil_io.h:151:19: note: expected 'UINTPTR {aka unsigned int}' but argument is of type 'int *'
 static INLINE u32 Xil_In32(UINTPTR Addr)
                   ^~~~~~~~
../src/SD_read.c:54:11: warning: format '%d' expects argument of type 'int', but argument 2 has type 'u32 {aka long unsigned int}' [-Wformat=]
  printf("%d\n\r",*SourceAddressTest);
          ~^      ~~~~~~~~~~~~~~~~~~
          %ld
Finished building: ../src/SD_read.c
 
Building file: ../src/main.c
Invoking: ARM v7 gcc compiler
arm-none-eabi-gcc -Wall -O0 -g3 -c -fmessage-length=0 -MT"src/main.o" -mcpu=cortex-a9 -mfpu=vfpv3 -mfloat-abi=hard -I../../ZYNQ_File_Operation_bsp/ps7_cortexa9_0/include -MMD -MP -MF"src/main.d" -MT"src/main.o" -o "src/main.o" "../src/main.c"
Finished building: ../src/main.c
 
Building file: ../src/uartlite_init.c
Invoking: ARM v7 gcc compiler
arm-none-eabi-gcc -Wall -O0 -g3 -c -fmessage-length=0 -MT"src/uartlite_init.o" -mcpu=cortex-a9 -mfpu=vfpv3 -mfloat-abi=hard -I../../ZYNQ_File_Operation_bsp/ps7_cortexa9_0/include -MMD -MP -MF"src/uartlite_init.d" -MT"src/uartlite_init.o" -o "src/uartlite_init.o" "../src/uartlite_init.c"
Finished building: ../src/uartlite_init.c
 
Building file: ../src/uartlite_trx.c
Invoking: ARM v7 gcc compiler
arm-none-eabi-gcc -Wall -O0 -g3 -c -fmessage-length=0 -MT"src/uartlite_trx.o" -mcpu=cortex-a9 -mfpu=vfpv3 -mfloat-abi=hard -I../../ZYNQ_File_Operation_bsp/ps7_cortexa9_0/include -MMD -MP -MF"src/uartlite_trx.d" -MT"src/uartlite_trx.o" -o "src/uartlite_trx.o" "../src/uartlite_trx.c"
Finished building: ../src/uartlite_trx.c
 
Building target: ZYNQ_File_Operation.elf
Invoking: ARM v7 gcc linker
arm-none-eabi-gcc -mcpu=cortex-a9 -mfpu=vfpv3 -mfloat-abi=hard -Wl,-build-id=none -specs=Xilinx.spec -Wl,-T -Wl,../src/lscript.ld -L../../ZYNQ_File_Operation_bsp/ps7_cortexa9_0/lib -o "ZYNQ_File_Operation.elf"  ./src/DDR_SD.o ./src/SD_read.o ./src/main.o ./src/uartlite_init.o ./src/uartlite_trx.o   -Wl,--start-group,-lxil,-lgcc,-lc,--end-group -Wl,--start-group,-lxilffs,-lxil,-lgcc,-lc,--end-group
Finished building target: ZYNQ_File_Operation.elf
 
Invoking: ARM v7 Print Size
arm-none-eabi-size ZYNQ_File_Operation.elf  |tee "ZYNQ_File_Operation.elf.size"
   text	   data	    bss	    dec	    hex	filename
 122928	   2700	  26560	 152188	  2527c	ZYNQ_File_Operation.elf
Finished building: ZYNQ_File_Operation.elf.size
 

21:23:29 Build Finished (took 619ms)

